2026-08-20 00:16:56.393 [org.springframework.kafka.KafkaListenerEndpointContainer#2-0-C-1] INFO  [inventory-service] c.e.i.service.InventorySevice - InventorySevice.onOrderCreatedEvent() | orderId=a607f6b0-351e-4cf8-a5de-d718186a9307 | itemCount=1
2026-08-20 00:16:56.450 [org.springframework.kafka.KafkaListenerEndpointContainer#2-0-C-1] DEBUG [inventory-service] org.hibernate.SQL - select sr1_0.reservation_id from stock_reservation sr1_0 where sr1_0.order_id=? fetch first ? rows only
2026-08-20 00:16:56.452 [org.springframework.kafka.KafkaListenerEndpointContainer#2-0-C-1] TRACE [inventory-service] org.hibernate.orm.jdbc.bind - binding parameter (1:UUID) <- [a607f6b0-351e-4cf8-a5de-d718186a9307]
2026-08-20 00:16:56.453 [org.springframework.kafka.KafkaListenerEndpointContainer#2-0-C-1] TRACE [inventory-service] org.hibernate.orm.jdbc.bind - binding parameter (2:INTEGER) <- [1]
2026-08-20 00:16:56.460 [org.springframework.kafka.KafkaListenerEndpointContainer#2-0-C-1] DEBUG [inventory-service] c.e.i.service.InventorySevice - InventorySevice.onOrderCreatedEvent() | decrementing stock | productId=9b1c387f-80ec-48f8-98ed-63db3bcffdfa | qty=1
2026-08-20 00:16:56.466 [org.springframework.kafka.KafkaListenerEndpointContainer#2-0-C-1] DEBUG [inventory-service] org.hibernate.SQL - update stock_item i1_0 set quantity_available=(i1_0.quantity_available-?),quantity_reserved=(i1_0.quantity_reserved+?) where i1_0.product_id=? and i1_0.quantity_available>=?
2026-08-20 00:16:56.466 [org.springframework.kafka.KafkaListenerEndpointContainer#2-0-C-1] TRACE [inventory-service] org.hibernate.orm.jdbc.bind - binding parameter (1:INTEGER) <- [1]
2026-08-20 00:16:56.467 [org.springframework.kafka.KafkaListenerEndpointContainer#2-0-C-1] TRACE [inventory-service] org.hibernate.orm.jdbc.bind - binding parameter (2:INTEGER) <- [1]
2026-08-20 00:16:56.467 [org.springframework.kafka.KafkaListenerEndpointContainer#2-0-C-1] TRACE [inventory-service] org.hibernate.orm.jdbc.bind - binding parameter (3:UUID) <- [9b1c387f-80ec-48f8-98ed-63db3bcffdfa]
2026-08-20 00:16:56.467 [org.springframework.kafka.KafkaListenerEndpointContainer#2-0-C-1] TRACE [inventory-service] org.hibernate.orm.jdbc.bind - binding parameter (4:INTEGER) <- [1]
2026-08-20 00:16:56.480 [org.springframework.kafka.KafkaListenerEndpointContainer#2-0-C-1] INFO  [inventory-service] c.e.i.service.InventorySevice - InventorySevice.onOrderCreatedEvent() | stock reserved | orderId=a607f6b0-351e-4cf8-a5de-d718186a9307 | reservationId=7090f110-89d5-4b5d-895a-241524da2ad5
2026-08-20 00:16:56.505 [org.springframework.kafka.KafkaListenerEndpointContainer#2-0-C-1] DEBUG [inventory-service] org.hibernate.SQL - insert into stock_reservation (expires_at,order_id,status,warehouse_id,reservation_id) values (?,?,?,?,?)
2026-08-20 00:16:56.510 [org.springframework.kafka.KafkaListenerEndpointContainer#2-0-C-1] TRACE [inventory-service] org.hibernate.orm.jdbc.bind - binding parameter (1:TIMESTAMP_UTC) <- [2026-08-21T18:46:56.471408Z]
2026-08-20 00:16:56.511 [org.springframework.kafka.KafkaListenerEndpointContainer#2-0-C-1] TRACE [inventory-service] org.hibernate.orm.jdbc.bind - binding parameter (2:UUID) <- [a607f6b0-351e-4cf8-a5de-d718186a9307]
2026-08-20 00:16:56.511 [org.springframework.kafka.KafkaListenerEndpointContainer#2-0-C-1] TRACE [inventory-service] org.hibernate.orm.jdbc.bind - binding parameter (3:VARCHAR) <- [RESERVED]
2026-08-20 00:16:56.511 [org.springframework.kafka.KafkaListenerEndpointContainer#2-0-C-1] TRACE [inventory-service] org.hibernate.orm.jdbc.bind - binding parameter (4:UUID) <- [null]
2026-08-20 00:16:56.512 [org.springframework.kafka.KafkaListenerEndpointContainer#2-0-C-1] TRACE [inventory-service] org.hibernate.orm.jdbc.bind - binding parameter (5:UUID) <- [7090f110-89d5-4b5d-895a-241524da2ad5]
2026-08-20 00:16:56.537 [org.springframework.kafka.KafkaListenerEndpointContainer#2-0-C-1] DEBUG [inventory-service] org.hibernate.SQL - insert into stock_reservation_item (product_id,quantity,seller_id,sku,stock_reservation_id,unit_price,stock_reservation_item_id) values (?,?,?,?,?,?,?)
2026-08-20 00:16:56.538 [org.springframework.kafka.KafkaListenerEndpointContainer#2-0-C-1] TRACE [inventory-service] org.hibernate.orm.jdbc.bind - binding parameter (1:UUID) <- [9b1c387f-80ec-48f8-98ed-63db3bcffdfa]
2026-08-20 00:16:56.539 [org.springframework.kafka.KafkaListenerEndpointContainer#2-0-C-1] TRACE [inventory-service] org.hibernate.orm.jdbc.bind - binding parameter (2:INTEGER) <- [1]
2026-08-20 00:16:56.540 [org.springframework.kafka.KafkaListenerEndpointContainer#2-0-C-1] TRACE [inventory-service] org.hibernate.orm.jdbc.bind - binding parameter (3:UUID) <- [dc419b75-8d30-4e51-8536-748fe910c044]
2026-08-20 00:16:56.540 [org.springframework.kafka.KafkaListenerEndpointContainer#2-0-C-1] TRACE [inventory-service] org.hibernate.orm.jdbc.bind - binding parameter (4:VARCHAR) <- [SKU-mobile]
2026-08-20 00:16:56.541 [org.springframework.kafka.KafkaListenerEndpointContainer#2-0-C-1] TRACE [inventory-service] org.hibernate.orm.jdbc.bind - binding parameter (5:UUID) <- [7090f110-89d5-4b5d-895a-241524da2ad5]
2026-08-20 00:16:56.541 [org.springframework.kafka.KafkaListenerEndpointContainer#2-0-C-1] TRACE [inventory-service] org.hibernate.orm.jdbc.bind - binding parameter (6:NUMERIC) <- [null]
2026-08-20 00:16:56.542 [org.springframework.kafka.KafkaListenerEndpointContainer#2-0-C-1] TRACE [inventory-service] org.hibernate.orm.jdbc.bind - binding parameter (7:UUID) <- [c69cc60d-62be-4df7-901a-0cd7eaaa5a51]
2026-08-20 00:16:59.528 [org.springframework.kafka.KafkaListenerEndpointContainer#1-0-C-1] INFO  [inventory-service] c.e.i.service.InventorySevice - InventorySevice.onPaymentCompleted() | orderId=a607f6b0-351e-4cf8-a5de-d718186a9307 | txnId=TXN-UPI-39DD6B9020
2026-08-20 00:16:59.532 [org.springframework.kafka.KafkaListenerEndpointContainer#1-0-C-1] DEBUG [inventory-service] org.hibernate.SQL - select sr1_0.reservation_id,sr1_0.expires_at,sr1_0.order_id,sr1_0.status,sr1_0.warehouse_id from stock_reservation sr1_0 where sr1_0.order_id=?
2026-08-20 00:16:59.533 [org.springframework.kafka.KafkaListenerEndpointContainer#1-0-C-1] TRACE [inventory-service] org.hibernate.orm.jdbc.bind - binding parameter (1:UUID) <- [a607f6b0-351e-4cf8-a5de-d718186a9307]
2026-08-20 00:16:59.539 [org.springframework.kafka.KafkaListenerEndpointContainer#1-0-C-1] DEBUG [inventory-service] org.hibernate.SQL - select sri1_0.stock_reservation_id,sri1_0.stock_reservation_item_id,sri1_0.product_id,sri1_0.quantity,sri1_0.seller_id,sri1_0.sku,sri1_0.unit_price from stock_reservation_item sri1_0 where sri1_0.stock_reservation_id=?
2026-08-20 00:16:59.540 [org.springframework.kafka.KafkaListenerEndpointContainer#1-0-C-1] TRACE [inventory-service] org.hibernate.orm.jdbc.bind - binding parameter (1:UUID) <- [7090f110-89d5-4b5d-895a-241524da2ad5]
2026-08-20 00:16:59.544 [org.springframework.kafka.KafkaListenerEndpointContainer#1-0-C-1] DEBUG [inventory-service] c.e.i.service.InventorySevice - InventorySevice.onPaymentCompleted() | confirming stock | productId=9b1c387f-80ec-48f8-98ed-63db3bcffdfa qty=1
2026-08-20 00:16:59.563 [org.springframework.kafka.KafkaListenerEndpointContainer#1-0-C-1] DEBUG [inventory-service] org.hibernate.SQL - update stock_item i1_0 set quantity_on_hand=(i1_0.quantity_on_hand-?),quantity_reserved=(i1_0.quantity_reserved-?) where i1_0.product_id=? and i1_0.quantity_reserved>=?
2026-08-20 00:16:59.564 [org.springframework.kafka.KafkaListenerEndpointContainer#1-0-C-1] TRACE [inventory-service] org.hibernate.orm.jdbc.bind - binding parameter (1:INTEGER) <- [1]
2026-08-20 00:16:59.564 [org.springframework.kafka.KafkaListenerEndpointContainer#1-0-C-1] TRACE [inventory-service] org.hibernate.orm.jdbc.bind - binding parameter (2:INTEGER) <- [1]
2026-08-20 00:16:59.564 [org.springframework.kafka.KafkaListenerEndpointContainer#1-0-C-1] TRACE [inventory-service] org.hibernate.orm.jdbc.bind - binding parameter (3:UUID) <- [9b1c387f-80ec-48f8-98ed-63db3bcffdfa]
2026-08-20 00:16:59.564 [org.springframework.kafka.KafkaListenerEndpointContainer#1-0-C-1] TRACE [inventory-service] org.hibernate.orm.jdbc.bind - binding parameter (4:INTEGER) <- [1]
2026-08-20 00:16:59.686 [kafka-producer-network-thread | inventory-service-producer-1] WARN  [inventory-service] o.apache.kafka.clients.NetworkClient - [Producer clientId=inventory-service-producer-1] The metadata response from the cluster reported a recoverable issue with correlation id 34 : {inventory.stock-confirmed.v1=LEADER_NOT_AVAILABLE}
2026-08-20 00:16:59.816 [kafka-producer-network-thread | inventory-service-producer-1] WARN  [inventory-service] o.apache.kafka.clients.NetworkClient - [Producer clientId=inventory-service-producer-1] The metadata response from the cluster reported a recoverable issue with correlation id 35 : {inventory.stock-confirmed.v1=LEADER_NOT_AVAILABLE}
2026-08-20 00:17:00.009 [org.springframework.kafka.KafkaListenerEndpointContainer#1-0-C-1] INFO  [inventory-service] c.e.i.service.InventorySevice - InventorySevice.onPaymentCompleted() | stock confirmed | orderId=a607f6b0-351e-4cf8-a5de-d718186a9307 | reservationId=7090f110-89d5-4b5d-895a-241524da2ad5
2026-08-20 00:17:00.016 [org.springframework.kafka.KafkaListenerEndpointContainer#1-0-C-1] DEBUG [inventory-service] org.hibernate.SQL - update stock_reservation set expires_at=?,order_id=?,status=?,warehouse_id=? where reservation_id=?
2026-08-20 00:17:00.019 [org.springframework.kafka.KafkaListenerEndpointContainer#1-0-C-1] TRACE [inventory-service] org.hibernate.orm.jdbc.bind - binding parameter (1:TIMESTAMP_UTC) <- [2026-08-21T18:46:56.471408Z]
2026-08-20 00:17:00.020 [org.springframework.kafka.KafkaListenerEndpointContainer#1-0-C-1] TRACE [inventory-service] org.hibernate.orm.jdbc.bind - binding parameter (2:UUID) <- [a607f6b0-351e-4cf8-a5de-d718186a9307]
2026-08-20 00:17:00.021 [org.springframework.kafka.KafkaListenerEndpointContainer#1-0-C-1] TRACE [inventory-service] org.hibernate.orm.jdbc.bind - binding parameter (3:VARCHAR) <- [CONFIRMED]
2026-08-20 00:17:00.022 [org.springframework.kafka.KafkaListenerEndpointContainer#1-0-C-1] TRACE [inventory-service] org.hibernate.orm.jdbc.bind - binding parameter (4:UUID) <- [null]
2026-08-20 00:17:00.023 [org.springframework.kafka.KafkaListenerEndpointContainer#1-0-C-1] TRACE [inventory-service] org.hibernate.orm.jdbc.bind - binding parameter (5:UUID) <- [7090f110-89d5-4b5d-895a-241524da2ad5]
