2026-08-20 00:11:01.434 [background-preinit] INFO  [payment-service] o.h.validator.internal.util.Version - HV000001: Hibernate Validator 8.0.3.Final
2026-08-20 00:11:01.920 [main] WARN  [payment-service] o.s.c.a.AnnotationConfigApplicationContext - Exception encountered during context initialization - cancelling refresh attempt: org.springframework.beans.factory.BeanCreationException: Error creating bean with name 'configServerInstanceProvider' defined in class path resource [org/springframework/cloud/config/client/DiscoveryClientConfigServiceBootstrapConfiguration.class]: Failed to instantiate [org.springframework.cloud.config.client.ConfigServerInstanceProvider]: Factory method 'configServerInstanceProvider' threw exception with message: ConfigServerInstanceProvider requires a DiscoveryClient or Function
2026-08-20 00:11:02.181 [main] INFO  [payment-service] o.s.b.a.l.ConditionEvaluationReportLogger - 

Error starting ApplicationContext. To display the condition evaluation report re-run your application with 'debug' enabled.
2026-08-20 00:11:02.232 [main] ERROR [payment-service] o.s.boot.SpringApplication - Application run failed
org.springframework.beans.factory.BeanCreationException: Error creating bean with name 'configServerInstanceProvider' defined in class path resource [org/springframework/cloud/config/client/DiscoveryClientConfigServiceBootstrapConfiguration.class]: Failed to instantiate [org.springframework.cloud.config.client.ConfigServerInstanceProvider]: Factory method 'configServerInstanceProvider' threw exception with message: ConfigServerInstanceProvider requires a DiscoveryClient or Function
	at org.springframework.beans.factory.support.ConstructorResolver.instantiate(ConstructorResolver.java:657)
	at org.springframework.beans.factory.support.ConstructorResolver.instantiateUsingFactoryMethod(ConstructorResolver.java:645)
	at org.springframework.beans.factory.support.AbstractAutowireCapableBeanFactory.instantiateUsingFactoryMethod(AbstractAutowireCapableBeanFactory.java:1373)
	at org.springframework.beans.factory.support.AbstractAutowireCapableBeanFactory.createBeanInstance(AbstractAutowireCapableBeanFactory.java:1203)
	at org.springframework.beans.factory.support.AbstractAutowireCapableBeanFactory.doCreateBean(AbstractAutowireCapableBeanFactory.java:569)
	at org.springframework.beans.factory.support.AbstractAutowireCapableBeanFactory.createBean(AbstractAutowireCapableBeanFactory.java:529)
	at org.springframework.beans.factory.support.AbstractBeanFactory.lambda$doGetBean$0(AbstractBeanFactory.java:339)
	at org.springframework.beans.factory.support.DefaultSingletonBeanRegistry.getSingleton(DefaultSingletonBeanRegistry.java:373)
	at org.springframework.beans.factory.support.AbstractBeanFactory.doGetBean(AbstractBeanFactory.java:337)
	at org.springframework.beans.factory.support.AbstractBeanFactory.getBean(AbstractBeanFactory.java:202)
	at org.springframework.beans.factory.support.DefaultListableBeanFactory.instantiateSingleton(DefaultListableBeanFactory.java:1235)
	at org.springframework.beans.factory.support.DefaultListableBeanFactory.preInstantiateSingleton(DefaultListableBeanFactory.java:1201)
	at org.springframework.beans.factory.support.DefaultListableBeanFactory.preInstantiateSingletons(DefaultListableBeanFactory.java:1130)
	at org.springframework.context.support.AbstractApplicationContext.finishBeanFactoryInitialization(AbstractApplicationContext.java:991)
	at org.springframework.context.support.AbstractApplicationContext.refresh(AbstractApplicationContext.java:628)
	at org.springframework.boot.SpringApplication.refresh(SpringApplication.java:752)
	at org.springframework.boot.SpringApplication.refreshContext(SpringApplication.java:439)
	at org.springframework.boot.SpringApplication.run(SpringApplication.java:318)
	at org.springframework.boot.builder.SpringApplicationBuilder.run(SpringApplicationBuilder.java:149)
	at org.springframework.cloud.bootstrap.BootstrapApplicationListener.bootstrapServiceContext(BootstrapApplicationListener.java:198)
	at org.springframework.cloud.bootstrap.BootstrapApplicationListener.onApplicationEvent(BootstrapApplicationListener.java:114)
	at org.springframework.cloud.bootstrap.BootstrapApplicationListener.onApplicationEvent(BootstrapApplicationListener.java:77)
	at org.springframework.context.event.SimpleApplicationEventMulticaster.doInvokeListener(SimpleApplicationEventMulticaster.java:185)
	at org.springframework.context.event.SimpleApplicationEventMulticaster.invokeListener(SimpleApplicationEventMulticaster.java:178)
	at org.springframework.context.event.SimpleApplicationEventMulticaster.multicastEvent(SimpleApplicationEventMulticaster.java:156)
	at org.springframework.context.event.SimpleApplicationEventMulticaster.multicastEvent(SimpleApplicationEventMulticaster.java:138)
	at org.springframework.boot.context.event.EventPublishingRunListener.multicastInitialEvent(EventPublishingRunListener.java:136)
	at org.springframework.boot.context.event.EventPublishingRunListener.environmentPrepared(EventPublishingRunListener.java:81)
	at org.springframework.boot.SpringApplicationRunListeners.lambda$environmentPrepared$2(SpringApplicationRunListeners.java:64)
	at java.base/java.lang.Iterable.forEach(Unknown Source)
	at org.springframework.boot.SpringApplicationRunListeners.doWithListeners(SpringApplicationRunListeners.java:118)
	at org.springframework.boot.SpringApplicationRunListeners.doWithListeners(SpringApplicationRunListeners.java:112)
	at org.springframework.boot.SpringApplicationRunListeners.environmentPrepared(SpringApplicationRunListeners.java:63)
	at org.springframework.boot.SpringApplication.prepareEnvironment(SpringApplication.java:353)
	at org.springframework.boot.SpringApplication.run(SpringApplication.java:313)
	at org.springframework.boot.SpringApplication.run(SpringApplication.java:1361)
	at org.springframework.boot.SpringApplication.run(SpringApplication.java:1350)
	at com.ecommerce.payment.PaymentServiceApplication.main(PaymentServiceApplication.java:14)
Caused by: org.springframework.beans.BeanInstantiationException: Failed to instantiate [org.springframework.cloud.config.client.ConfigServerInstanceProvider]: Factory method 'configServerInstanceProvider' threw exception with message: ConfigServerInstanceProvider requires a DiscoveryClient or Function
	at org.springframework.beans.factory.support.SimpleInstantiationStrategy.lambda$instantiate$0(SimpleInstantiationStrategy.java:200)
	at org.springframework.beans.factory.support.SimpleInstantiationStrategy.instantiateWithFactoryMethod(SimpleInstantiationStrategy.java:89)
	at org.springframework.beans.factory.support.SimpleInstantiationStrategy.instantiate(SimpleInstantiationStrategy.java:169)
	at org.springframework.beans.factory.support.ConstructorResolver.instantiate(ConstructorResolver.java:653)
	... 37 common frames omitted
Caused by: java.lang.IllegalStateException: ConfigServerInstanceProvider requires a DiscoveryClient or Function
	at org.springframework.cloud.config.client.DiscoveryClientConfigServiceBootstrapConfiguration.configServerInstanceProvider(DiscoveryClientConfigServiceBootstrapConfiguration.java:52)
	at java.base/jdk.internal.reflect.DirectMethodHandleAccessor.invoke(Unknown Source)
	at java.base/java.lang.reflect.Method.invoke(Unknown Source)
	at org.springframework.beans.factory.support.SimpleInstantiationStrategy.lambda$instantiate$0(SimpleInstantiationStrategy.java:172)
	... 40 common frames omitted
2026-08-20 00:11:02.238 [main] ERROR [payment-service] o.s.boot.SpringApplication - Application run failed
org.springframework.beans.factory.BeanCreationException: Error creating bean with name 'configServerInstanceProvider' defined in class path resource [org/springframework/cloud/config/client/DiscoveryClientConfigServiceBootstrapConfiguration.class]: Failed to instantiate [org.springframework.cloud.config.client.ConfigServerInstanceProvider]: Factory method 'configServerInstanceProvider' threw exception with message: ConfigServerInstanceProvider requires a DiscoveryClient or Function
	at org.springframework.beans.factory.support.ConstructorResolver.instantiate(ConstructorResolver.java:657)
	at org.springframework.beans.factory.support.ConstructorResolver.instantiateUsingFactoryMethod(ConstructorResolver.java:645)
	at org.springframework.beans.factory.support.AbstractAutowireCapableBeanFactory.instantiateUsingFactoryMethod(AbstractAutowireCapableBeanFactory.java:1373)
	at org.springframework.beans.factory.support.AbstractAutowireCapableBeanFactory.createBeanInstance(AbstractAutowireCapableBeanFactory.java:1203)
	at org.springframework.beans.factory.support.AbstractAutowireCapableBeanFactory.doCreateBean(AbstractAutowireCapableBeanFactory.java:569)
	at org.springframework.beans.factory.support.AbstractAutowireCapableBeanFactory.createBean(AbstractAutowireCapableBeanFactory.java:529)
	at org.springframework.beans.factory.support.AbstractBeanFactory.lambda$doGetBean$0(AbstractBeanFactory.java:339)
	at org.springframework.beans.factory.support.DefaultSingletonBeanRegistry.getSingleton(DefaultSingletonBeanRegistry.java:373)
	at org.springframework.beans.factory.support.AbstractBeanFactory.doGetBean(AbstractBeanFactory.java:337)
	at org.springframework.beans.factory.support.AbstractBeanFactory.getBean(AbstractBeanFactory.java:202)
	at org.springframework.beans.factory.support.DefaultListableBeanFactory.instantiateSingleton(DefaultListableBeanFactory.java:1235)
	at org.springframework.beans.factory.support.DefaultListableBeanFactory.preInstantiateSingleton(DefaultListableBeanFactory.java:1201)
	at org.springframework.beans.factory.support.DefaultListableBeanFactory.preInstantiateSingletons(DefaultListableBeanFactory.java:1130)
	at org.springframework.context.support.AbstractApplicationContext.finishBeanFactoryInitialization(AbstractApplicationContext.java:991)
	at org.springframework.context.support.AbstractApplicationContext.refresh(AbstractApplicationContext.java:628)
	at org.springframework.boot.SpringApplication.refresh(SpringApplication.java:752)
	at org.springframework.boot.SpringApplication.refreshContext(SpringApplication.java:439)
	at org.springframework.boot.SpringApplication.run(SpringApplication.java:318)
	at org.springframework.boot.builder.SpringApplicationBuilder.run(SpringApplicationBuilder.java:149)
	at org.springframework.cloud.bootstrap.BootstrapApplicationListener.bootstrapServiceContext(BootstrapApplicationListener.java:198)
	at org.springframework.cloud.bootstrap.BootstrapApplicationListener.onApplicationEvent(BootstrapApplicationListener.java:114)
	at org.springframework.cloud.bootstrap.BootstrapApplicationListener.onApplicationEvent(BootstrapApplicationListener.java:77)
	at org.springframework.context.event.SimpleApplicationEventMulticaster.doInvokeListener(SimpleApplicationEventMulticaster.java:185)
	at org.springframework.context.event.SimpleApplicationEventMulticaster.invokeListener(SimpleApplicationEventMulticaster.java:178)
	at org.springframework.context.event.SimpleApplicationEventMulticaster.multicastEvent(SimpleApplicationEventMulticaster.java:156)
	at org.springframework.context.event.SimpleApplicationEventMulticaster.multicastEvent(SimpleApplicationEventMulticaster.java:138)
	at org.springframework.boot.context.event.EventPublishingRunListener.multicastInitialEvent(EventPublishingRunListener.java:136)
	at org.springframework.boot.context.event.EventPublishingRunListener.environmentPrepared(EventPublishingRunListener.java:81)
	at org.springframework.boot.SpringApplicationRunListeners.lambda$environmentPrepared$2(SpringApplicationRunListeners.java:64)
	at java.base/java.lang.Iterable.forEach(Unknown Source)
	at org.springframework.boot.SpringApplicationRunListeners.doWithListeners(SpringApplicationRunListeners.java:118)
	at org.springframework.boot.SpringApplicationRunListeners.doWithListeners(SpringApplicationRunListeners.java:112)
	at org.springframework.boot.SpringApplicationRunListeners.environmentPrepared(SpringApplicationRunListeners.java:63)
	at org.springframework.boot.SpringApplication.prepareEnvironment(SpringApplication.java:353)
	at org.springframework.boot.SpringApplication.run(SpringApplication.java:313)
	at org.springframework.boot.SpringApplication.run(SpringApplication.java:1361)
	at org.springframework.boot.SpringApplication.run(SpringApplication.java:1350)
	at com.ecommerce.payment.PaymentServiceApplication.main(PaymentServiceApplication.java:14)
Caused by: org.springframework.beans.BeanInstantiationException: Failed to instantiate [org.springframework.cloud.config.client.ConfigServerInstanceProvider]: Factory method 'configServerInstanceProvider' threw exception with message: ConfigServerInstanceProvider requires a DiscoveryClient or Function
	at org.springframework.beans.factory.support.SimpleInstantiationStrategy.lambda$instantiate$0(SimpleInstantiationStrategy.java:200)
	at org.springframework.beans.factory.support.SimpleInstantiationStrategy.instantiateWithFactoryMethod(SimpleInstantiationStrategy.java:89)
	at org.springframework.beans.factory.support.SimpleInstantiationStrategy.instantiate(SimpleInstantiationStrategy.java:169)
	at org.springframework.beans.factory.support.ConstructorResolver.instantiate(ConstructorResolver.java:653)
	... 37 common frames omitted
Caused by: java.lang.IllegalStateException: ConfigServerInstanceProvider requires a DiscoveryClient or Function
	at org.springframework.cloud.config.client.DiscoveryClientConfigServiceBootstrapConfiguration.configServerInstanceProvider(DiscoveryClientConfigServiceBootstrapConfiguration.java:52)
	at java.base/jdk.internal.reflect.DirectMethodHandleAccessor.invoke(Unknown Source)
	at java.base/java.lang.reflect.Method.invoke(Unknown Source)
	at org.springframework.beans.factory.support.SimpleInstantiationStrategy.lambda$instantiate$0(SimpleInstantiationStrategy.java:172)
	... 40 common frames omitted
2026-08-20 00:12:09.354 [background-preinit] INFO  [payment-service] o.h.validator.internal.util.Version - HV000001: Hibernate Validator 8.0.3.Final
2026-08-20 00:12:09.832 [main] WARN  [payment-service] o.s.c.a.AnnotationConfigApplicationContext - Exception encountered during context initialization - cancelling refresh attempt: org.springframework.beans.factory.BeanCreationException: Error creating bean with name 'configServerInstanceProvider' defined in class path resource [org/springframework/cloud/config/client/DiscoveryClientConfigServiceBootstrapConfiguration.class]: Failed to instantiate [org.springframework.cloud.config.client.ConfigServerInstanceProvider]: Factory method 'configServerInstanceProvider' threw exception with message: ConfigServerInstanceProvider requires a DiscoveryClient or Function
2026-08-20 00:12:10.045 [main] INFO  [payment-service] o.s.b.a.l.ConditionEvaluationReportLogger - 

Error starting ApplicationContext. To display the condition evaluation report re-run your application with 'debug' enabled.
2026-08-20 00:12:10.096 [main] ERROR [payment-service] o.s.boot.SpringApplication - Application run failed
org.springframework.beans.factory.BeanCreationException: Error creating bean with name 'configServerInstanceProvider' defined in class path resource [org/springframework/cloud/config/client/DiscoveryClientConfigServiceBootstrapConfiguration.class]: Failed to instantiate [org.springframework.cloud.config.client.ConfigServerInstanceProvider]: Factory method 'configServerInstanceProvider' threw exception with message: ConfigServerInstanceProvider requires a DiscoveryClient or Function
	at org.springframework.beans.factory.support.ConstructorResolver.instantiate(ConstructorResolver.java:657)
	at org.springframework.beans.factory.support.ConstructorResolver.instantiateUsingFactoryMethod(ConstructorResolver.java:645)
	at org.springframework.beans.factory.support.AbstractAutowireCapableBeanFactory.instantiateUsingFactoryMethod(AbstractAutowireCapableBeanFactory.java:1373)
	at org.springframework.beans.factory.support.AbstractAutowireCapableBeanFactory.createBeanInstance(AbstractAutowireCapableBeanFactory.java:1203)
	at org.springframework.beans.factory.support.AbstractAutowireCapableBeanFactory.doCreateBean(AbstractAutowireCapableBeanFactory.java:569)
	at org.springframework.beans.factory.support.AbstractAutowireCapableBeanFactory.createBean(AbstractAutowireCapableBeanFactory.java:529)
	at org.springframework.beans.factory.support.AbstractBeanFactory.lambda$doGetBean$0(AbstractBeanFactory.java:339)
	at org.springframework.beans.factory.support.DefaultSingletonBeanRegistry.getSingleton(DefaultSingletonBeanRegistry.java:373)
	at org.springframework.beans.factory.support.AbstractBeanFactory.doGetBean(AbstractBeanFactory.java:337)
	at org.springframework.beans.factory.support.AbstractBeanFactory.getBean(AbstractBeanFactory.java:202)
	at org.springframework.beans.factory.support.DefaultListableBeanFactory.instantiateSingleton(DefaultListableBeanFactory.java:1235)
	at org.springframework.beans.factory.support.DefaultListableBeanFactory.preInstantiateSingleton(DefaultListableBeanFactory.java:1201)
	at org.springframework.beans.factory.support.DefaultListableBeanFactory.preInstantiateSingletons(DefaultListableBeanFactory.java:1130)
	at org.springframework.context.support.AbstractApplicationContext.finishBeanFactoryInitialization(AbstractApplicationContext.java:991)
	at org.springframework.context.support.AbstractApplicationContext.refresh(AbstractApplicationContext.java:628)
	at org.springframework.boot.SpringApplication.refresh(SpringApplication.java:752)
	at org.springframework.boot.SpringApplication.refreshContext(SpringApplication.java:439)
	at org.springframework.boot.SpringApplication.run(SpringApplication.java:318)
	at org.springframework.boot.builder.SpringApplicationBuilder.run(SpringApplicationBuilder.java:149)
	at org.springframework.cloud.bootstrap.BootstrapApplicationListener.bootstrapServiceContext(BootstrapApplicationListener.java:198)
	at org.springframework.cloud.bootstrap.BootstrapApplicationListener.onApplicationEvent(BootstrapApplicationListener.java:114)
	at org.springframework.cloud.bootstrap.BootstrapApplicationListener.onApplicationEvent(BootstrapApplicationListener.java:77)
	at org.springframework.context.event.SimpleApplicationEventMulticaster.doInvokeListener(SimpleApplicationEventMulticaster.java:185)
	at org.springframework.context.event.SimpleApplicationEventMulticaster.invokeListener(SimpleApplicationEventMulticaster.java:178)
	at org.springframework.context.event.SimpleApplicationEventMulticaster.multicastEvent(SimpleApplicationEventMulticaster.java:156)
	at org.springframework.context.event.SimpleApplicationEventMulticaster.multicastEvent(SimpleApplicationEventMulticaster.java:138)
	at org.springframework.boot.context.event.EventPublishingRunListener.multicastInitialEvent(EventPublishingRunListener.java:136)
	at org.springframework.boot.context.event.EventPublishingRunListener.environmentPrepared(EventPublishingRunListener.java:81)
	at org.springframework.boot.SpringApplicationRunListeners.lambda$environmentPrepared$2(SpringApplicationRunListeners.java:64)
	at java.base/java.lang.Iterable.forEach(Unknown Source)
	at org.springframework.boot.SpringApplicationRunListeners.doWithListeners(SpringApplicationRunListeners.java:118)
	at org.springframework.boot.SpringApplicationRunListeners.doWithListeners(SpringApplicationRunListeners.java:112)
	at org.springframework.boot.SpringApplicationRunListeners.environmentPrepared(SpringApplicationRunListeners.java:63)
	at org.springframework.boot.SpringApplication.prepareEnvironment(SpringApplication.java:353)
	at org.springframework.boot.SpringApplication.run(SpringApplication.java:313)
	at org.springframework.boot.SpringApplication.run(SpringApplication.java:1361)
	at org.springframework.boot.SpringApplication.run(SpringApplication.java:1350)
	at com.ecommerce.payment.PaymentServiceApplication.main(PaymentServiceApplication.java:14)
Caused by: org.springframework.beans.BeanInstantiationException: Failed to instantiate [org.springframework.cloud.config.client.ConfigServerInstanceProvider]: Factory method 'configServerInstanceProvider' threw exception with message: ConfigServerInstanceProvider requires a DiscoveryClient or Function
	at org.springframework.beans.factory.support.SimpleInstantiationStrategy.lambda$instantiate$0(SimpleInstantiationStrategy.java:200)
	at org.springframework.beans.factory.support.SimpleInstantiationStrategy.instantiateWithFactoryMethod(SimpleInstantiationStrategy.java:89)
	at org.springframework.beans.factory.support.SimpleInstantiationStrategy.instantiate(SimpleInstantiationStrategy.java:169)
	at org.springframework.beans.factory.support.ConstructorResolver.instantiate(ConstructorResolver.java:653)
	... 37 common frames omitted
Caused by: java.lang.IllegalStateException: ConfigServerInstanceProvider requires a DiscoveryClient or Function
	at org.springframework.cloud.config.client.DiscoveryClientConfigServiceBootstrapConfiguration.configServerInstanceProvider(DiscoveryClientConfigServiceBootstrapConfiguration.java:52)
	at java.base/jdk.internal.reflect.DirectMethodHandleAccessor.invoke(Unknown Source)
	at java.base/java.lang.reflect.Method.invoke(Unknown Source)
	at org.springframework.beans.factory.support.SimpleInstantiationStrategy.lambda$instantiate$0(SimpleInstantiationStrategy.java:172)
	... 40 common frames omitted
2026-08-20 00:12:10.102 [main] ERROR [payment-service] o.s.boot.SpringApplication - Application run failed
org.springframework.beans.factory.BeanCreationException: Error creating bean with name 'configServerInstanceProvider' defined in class path resource [org/springframework/cloud/config/client/DiscoveryClientConfigServiceBootstrapConfiguration.class]: Failed to instantiate [org.springframework.cloud.config.client.ConfigServerInstanceProvider]: Factory method 'configServerInstanceProvider' threw exception with message: ConfigServerInstanceProvider requires a DiscoveryClient or Function
	at org.springframework.beans.factory.support.ConstructorResolver.instantiate(ConstructorResolver.java:657)
	at org.springframework.beans.factory.support.ConstructorResolver.instantiateUsingFactoryMethod(ConstructorResolver.java:645)
	at org.springframework.beans.factory.support.AbstractAutowireCapableBeanFactory.instantiateUsingFactoryMethod(AbstractAutowireCapableBeanFactory.java:1373)
	at org.springframework.beans.factory.support.AbstractAutowireCapableBeanFactory.createBeanInstance(AbstractAutowireCapableBeanFactory.java:1203)
	at org.springframework.beans.factory.support.AbstractAutowireCapableBeanFactory.doCreateBean(AbstractAutowireCapableBeanFactory.java:569)
	at org.springframework.beans.factory.support.AbstractAutowireCapableBeanFactory.createBean(AbstractAutowireCapableBeanFactory.java:529)
	at org.springframework.beans.factory.support.AbstractBeanFactory.lambda$doGetBean$0(AbstractBeanFactory.java:339)
	at org.springframework.beans.factory.support.DefaultSingletonBeanRegistry.getSingleton(DefaultSingletonBeanRegistry.java:373)
	at org.springframework.beans.factory.support.AbstractBeanFactory.doGetBean(AbstractBeanFactory.java:337)
	at org.springframework.beans.factory.support.AbstractBeanFactory.getBean(AbstractBeanFactory.java:202)
	at org.springframework.beans.factory.support.DefaultListableBeanFactory.instantiateSingleton(DefaultListableBeanFactory.java:1235)
	at org.springframework.beans.factory.support.DefaultListableBeanFactory.preInstantiateSingleton(DefaultListableBeanFactory.java:1201)
	at org.springframework.beans.factory.support.DefaultListableBeanFactory.preInstantiateSingletons(DefaultListableBeanFactory.java:1130)
	at org.springframework.context.support.AbstractApplicationContext.finishBeanFactoryInitialization(AbstractApplicationContext.java:991)
	at org.springframework.context.support.AbstractApplicationContext.refresh(AbstractApplicationContext.java:628)
	at org.springframework.boot.SpringApplication.refresh(SpringApplication.java:752)
	at org.springframework.boot.SpringApplication.refreshContext(SpringApplication.java:439)
	at org.springframework.boot.SpringApplication.run(SpringApplication.java:318)
	at org.springframework.boot.builder.SpringApplicationBuilder.run(SpringApplicationBuilder.java:149)
	at org.springframework.cloud.bootstrap.BootstrapApplicationListener.bootstrapServiceContext(BootstrapApplicationListener.java:198)
	at org.springframework.cloud.bootstrap.BootstrapApplicationListener.onApplicationEvent(BootstrapApplicationListener.java:114)
	at org.springframework.cloud.bootstrap.BootstrapApplicationListener.onApplicationEvent(BootstrapApplicationListener.java:77)
	at org.springframework.context.event.SimpleApplicationEventMulticaster.doInvokeListener(SimpleApplicationEventMulticaster.java:185)
	at org.springframework.context.event.SimpleApplicationEventMulticaster.invokeListener(SimpleApplicationEventMulticaster.java:178)
	at org.springframework.context.event.SimpleApplicationEventMulticaster.multicastEvent(SimpleApplicationEventMulticaster.java:156)
	at org.springframework.context.event.SimpleApplicationEventMulticaster.multicastEvent(SimpleApplicationEventMulticaster.java:138)
	at org.springframework.boot.context.event.EventPublishingRunListener.multicastInitialEvent(EventPublishingRunListener.java:136)
	at org.springframework.boot.context.event.EventPublishingRunListener.environmentPrepared(EventPublishingRunListener.java:81)
	at org.springframework.boot.SpringApplicationRunListeners.lambda$environmentPrepared$2(SpringApplicationRunListeners.java:64)
	at java.base/java.lang.Iterable.forEach(Unknown Source)
	at org.springframework.boot.SpringApplicationRunListeners.doWithListeners(SpringApplicationRunListeners.java:118)
	at org.springframework.boot.SpringApplicationRunListeners.doWithListeners(SpringApplicationRunListeners.java:112)
	at org.springframework.boot.SpringApplicationRunListeners.environmentPrepared(SpringApplicationRunListeners.java:63)
	at org.springframework.boot.SpringApplication.prepareEnvironment(SpringApplication.java:353)
	at org.springframework.boot.SpringApplication.run(SpringApplication.java:313)
	at org.springframework.boot.SpringApplication.run(SpringApplication.java:1361)
	at org.springframework.boot.SpringApplication.run(SpringApplication.java:1350)
	at com.ecommerce.payment.PaymentServiceApplication.main(PaymentServiceApplication.java:14)
Caused by: org.springframework.beans.BeanInstantiationException: Failed to instantiate [org.springframework.cloud.config.client.ConfigServerInstanceProvider]: Factory method 'configServerInstanceProvider' threw exception with message: ConfigServerInstanceProvider requires a DiscoveryClient or Function
	at org.springframework.beans.factory.support.SimpleInstantiationStrategy.lambda$instantiate$0(SimpleInstantiationStrategy.java:200)
	at org.springframework.beans.factory.support.SimpleInstantiationStrategy.instantiateWithFactoryMethod(SimpleInstantiationStrategy.java:89)
	at org.springframework.beans.factory.support.SimpleInstantiationStrategy.instantiate(SimpleInstantiationStrategy.java:169)
	at org.springframework.beans.factory.support.ConstructorResolver.instantiate(ConstructorResolver.java:653)
	... 37 common frames omitted
Caused by: java.lang.IllegalStateException: ConfigServerInstanceProvider requires a DiscoveryClient or Function
	at org.springframework.cloud.config.client.DiscoveryClientConfigServiceBootstrapConfiguration.configServerInstanceProvider(DiscoveryClientConfigServiceBootstrapConfiguration.java:52)
	at java.base/jdk.internal.reflect.DirectMethodHandleAccessor.invoke(Unknown Source)
	at java.base/java.lang.reflect.Method.invoke(Unknown Source)
	at org.springframework.beans.factory.support.SimpleInstantiationStrategy.lambda$instantiate$0(SimpleInstantiationStrategy.java:172)
	... 40 common frames omitted
2026-08-20 00:14:22.207 [background-preinit] INFO  [payment-service] o.h.validator.internal.util.Version - HV000001: Hibernate Validator 8.0.3.Final
2026-08-20 00:14:23.623 [main] INFO  [payment-service] o.s.c.c.c.ConfigServicePropertySourceLocator - Fetching config from server at : http://192.168.29.36:8888/
2026-08-20 00:14:25.181 [main] INFO  [payment-service] o.s.c.c.c.ConfigServicePropertySourceLocator - Located environment: name=payment-service, profiles=[dev], label=main, version=0dd609a2ad37c774a8acf53779738affab0bdba8, state=
2026-08-20 00:14:25.184 [main] INFO  [payment-service] o.s.c.b.c.PropertySourceBootstrapConfiguration - Located property source: [BootstrapPropertySource {name='bootstrapProperties-configClient'}, BootstrapPropertySource {name='bootstrapProperties-https://github.com/RajuPonaganti/ecommerce-config/payment-service-dev.yml'}, BootstrapPropertySource {name='bootstrapProperties-https://github.com/RajuPonaganti/ecommerce-config/payment-service.yml'}]
2026-08-20 00:14:25.197 [main] INFO  [payment-service] c.e.p.PaymentServiceApplication - The following 1 profile is active: "dev"
2026-08-20 00:14:26.778 [main] INFO  [payment-service] o.s.d.r.c.RepositoryConfigurationDelegate - Bootstrapping Spring Data JPA repositories in DEFAULT mode.
2026-08-20 00:14:27.022 [main] INFO  [payment-service] o.s.d.r.c.RepositoryConfigurationDelegate - Finished Spring Data repository scanning in 227 ms. Found 1 JPA repository interface.
2026-08-20 00:14:27.602 [main] INFO  [payment-service] o.s.cloud.context.scope.GenericScope - BeanFactory id=9a6b7332-ebf1-3b84-90da-aec7d77b4510
2026-08-20 00:14:28.660 [main] INFO  [payment-service] o.s.b.w.e.tomcat.TomcatWebServer - Tomcat initialized with port 8087 (http)
2026-08-20 00:14:28.684 [main] INFO  [payment-service] o.a.coyote.http11.Http11NioProtocol - Initializing ProtocolHandler ["http-nio-8087"]
2026-08-20 00:14:28.686 [main] INFO  [payment-service] o.a.catalina.core.StandardService - Starting service [Tomcat]
2026-08-20 00:14:28.687 [main] INFO  [payment-service] o.a.catalina.core.StandardEngine - Starting Servlet engine: [Apache Tomcat/10.1.55]
2026-08-20 00:14:28.797 [main] INFO  [payment-service] o.a.c.c.C.[Tomcat].[localhost].[/] - Initializing Spring embedded WebApplicationContext
2026-08-20 00:14:28.798 [main] INFO  [payment-service] o.s.b.w.s.c.ServletWebServerApplicationContext - Root WebApplicationContext: initialization completed in 3583 ms
2026-08-20 00:14:29.545 [main] INFO  [payment-service] o.h.jpa.internal.util.LogHelper - HHH000204: Processing PersistenceUnitInfo [name: default]
2026-08-20 00:14:29.633 [main] INFO  [payment-service] org.hibernate.Version - HHH000412: Hibernate ORM core version 6.6.53.Final
2026-08-20 00:14:29.686 [main] INFO  [payment-service] o.h.c.i.RegionFactoryInitiator - HHH000026: Second-level cache disabled
2026-08-20 00:14:30.128 [main] INFO  [payment-service] o.s.o.j.p.SpringPersistenceUnitInfo - No LoadTimeWeaver setup: ignoring JPA class transformer
2026-08-20 00:14:30.203 [main] INFO  [payment-service] com.zaxxer.hikari.HikariDataSource - HikariPool-1 - Starting...
2026-08-20 00:14:30.482 [main] INFO  [payment-service] com.zaxxer.hikari.pool.HikariPool - HikariPool-1 - Added connection org.postgresql.jdbc.PgConnection@64a0ee65
2026-08-20 00:14:30.487 [main] INFO  [payment-service] com.zaxxer.hikari.HikariDataSource - HikariPool-1 - Start completed.
2026-08-20 00:14:30.600 [main] INFO  [payment-service] o.hibernate.orm.connections.pooling - HHH10001005: Database info:
	Database JDBC URL [Connecting through datasource 'HikariDataSource (HikariPool-1)']
	Database driver: undefined/unknown
	Database version: 18.4
	Autocommit mode: undefined/unknown
	Isolation level: undefined/unknown
	Minimum pool size: undefined/unknown
	Maximum pool size: undefined/unknown
2026-08-20 00:14:31.944 [main] INFO  [payment-service] o.h.e.t.j.p.i.JtaPlatformInitiator - HHH000489: No JTA platform available (set 'hibernate.transaction.jta.platform' to enable JTA platform integration)
2026-08-20 00:14:32.031 [main] INFO  [payment-service] o.s.o.j.LocalContainerEntityManagerFactoryBean - Initialized JPA EntityManagerFactory for persistence unit 'default'
2026-08-20 00:14:36.409 [main] INFO  [payment-service] o.s.c.n.e.c.DiscoveryClientOptionalArgsConfiguration - Eureka HTTP Client uses RestTemplate.
2026-08-20 00:14:36.519 [main] WARN  [payment-service] o.s.c.l.c.LoadBalancerCacheAutoConfiguration$LoadBalancerCaffeineWarnLogger - Spring Cloud LoadBalancer is currently working with the default cache. While this cache implementation is useful for development and tests, it's recommended to use Caffeine cache in production.You can switch to using Caffeine cache, by adding it and org.springframework.cache.caffeine.CaffeineCacheManager to the classpath.
2026-08-20 00:14:36.564 [main] INFO  [payment-service] o.s.b.a.e.web.EndpointLinksResolver - Exposing 26 endpoints beneath base path '/actuator'
2026-08-20 00:14:36.847 [main] INFO  [payment-service] o.s.c.n.eureka.InstanceInfoFactory - Setting initial instance status as: STARTING
2026-08-20 00:14:37.078 [main] INFO  [payment-service] o.s.c.n.e.s.EurekaServiceRegistry - Registering application PAYMENT-SERVICE with eureka with status UP
2026-08-20 00:14:37.081 [main] INFO  [payment-service] o.a.coyote.http11.Http11NioProtocol - Starting ProtocolHandler ["http-nio-8087"]
2026-08-20 00:14:37.118 [main] INFO  [payment-service] o.s.b.w.e.tomcat.TomcatWebServer - Tomcat started on port 8087 (http) with context path '/'
2026-08-20 00:14:37.119 [main] INFO  [payment-service] o.s.c.n.e.s.EurekaAutoServiceRegistration - Updating port to 8087
2026-08-20 00:14:37.535 [main] INFO  [payment-service] c.e.p.PaymentServiceApplication - Started PaymentServiceApplication in 16.171 seconds (process running for 17.548)
2026-08-20 00:14:38.069 [RMI TCP Connection(4)-127.0.0.1] INFO  [payment-service] o.a.c.c.C.[Tomcat].[localhost].[/] - Initializing Spring DispatcherServlet 'dispatcherServlet'
2026-08-20 00:14:38.069 [RMI TCP Connection(4)-127.0.0.1] INFO  [payment-service] o.s.web.servlet.DispatcherServlet - Initializing Servlet 'dispatcherServlet'
2026-08-20 00:14:38.074 [RMI TCP Connection(4)-127.0.0.1] INFO  [payment-service] o.s.web.servlet.DispatcherServlet - Completed initialization in 4 ms
2026-08-20 00:14:38.418 [org.springframework.kafka.KafkaListenerEndpointContainer#0-0-C-1] INFO  [payment-service] o.s.k.l.KafkaMessageListenerContainer - payment-service: partitions assigned: [inventory.stock-reserved.v1-0]
2026-08-20 00:15:56.037 [background-preinit] INFO  [payment-service] o.h.validator.internal.util.Version - HV000001: Hibernate Validator 8.0.3.Final
2026-08-20 00:15:57.397 [main] INFO  [payment-service] o.s.c.c.c.ConfigServicePropertySourceLocator - Fetching config from server at : http://192.168.29.36:8888/
2026-08-20 00:15:58.420 [main] INFO  [payment-service] o.s.c.c.c.ConfigServicePropertySourceLocator - Located environment: name=payment-service, profiles=[dev], label=main, version=0dd609a2ad37c774a8acf53779738affab0bdba8, state=
2026-08-20 00:15:58.422 [main] INFO  [payment-service] o.s.c.b.c.PropertySourceBootstrapConfiguration - Located property source: [BootstrapPropertySource {name='bootstrapProperties-configClient'}, BootstrapPropertySource {name='bootstrapProperties-https://github.com/RajuPonaganti/ecommerce-config/payment-service-dev.yml'}, BootstrapPropertySource {name='bootstrapProperties-https://github.com/RajuPonaganti/ecommerce-config/payment-service.yml'}]
2026-08-20 00:15:58.434 [main] INFO  [payment-service] c.e.p.PaymentServiceApplication - The following 1 profile is active: "dev"
2026-08-20 00:15:59.945 [main] INFO  [payment-service] o.s.d.r.c.RepositoryConfigurationDelegate - Bootstrapping Spring Data JPA repositories in DEFAULT mode.
2026-08-20 00:16:00.143 [main] INFO  [payment-service] o.s.d.r.c.RepositoryConfigurationDelegate - Finished Spring Data repository scanning in 183 ms. Found 1 JPA repository interface.
2026-08-20 00:16:00.674 [main] INFO  [payment-service] o.s.cloud.context.scope.GenericScope - BeanFactory id=9a6b7332-ebf1-3b84-90da-aec7d77b4510
2026-08-20 00:16:01.668 [main] INFO  [payment-service] o.s.b.w.e.tomcat.TomcatWebServer - Tomcat initialized with port 8087 (http)
2026-08-20 00:16:01.689 [main] INFO  [payment-service] o.a.coyote.http11.Http11NioProtocol - Initializing ProtocolHandler ["http-nio-8087"]
2026-08-20 00:16:01.691 [main] INFO  [payment-service] o.a.catalina.core.StandardService - Starting service [Tomcat]
2026-08-20 00:16:01.692 [main] INFO  [payment-service] o.a.catalina.core.StandardEngine - Starting Servlet engine: [Apache Tomcat/10.1.55]
2026-08-20 00:16:01.819 [main] INFO  [payment-service] o.a.c.c.C.[Tomcat].[localhost].[/] - Initializing Spring embedded WebApplicationContext
2026-08-20 00:16:01.820 [main] INFO  [payment-service] o.s.b.w.s.c.ServletWebServerApplicationContext - Root WebApplicationContext: initialization completed in 3365 ms
2026-08-20 00:16:02.474 [main] INFO  [payment-service] o.h.jpa.internal.util.LogHelper - HHH000204: Processing PersistenceUnitInfo [name: default]
2026-08-20 00:16:02.568 [main] INFO  [payment-service] org.hibernate.Version - HHH000412: Hibernate ORM core version 6.6.53.Final
2026-08-20 00:16:02.639 [main] INFO  [payment-service] o.h.c.i.RegionFactoryInitiator - HHH000026: Second-level cache disabled
2026-08-20 00:16:03.095 [main] INFO  [payment-service] o.s.o.j.p.SpringPersistenceUnitInfo - No LoadTimeWeaver setup: ignoring JPA class transformer
2026-08-20 00:16:03.155 [main] INFO  [payment-service] com.zaxxer.hikari.HikariDataSource - HikariPool-1 - Starting...
2026-08-20 00:16:03.416 [main] INFO  [payment-service] com.zaxxer.hikari.pool.HikariPool - HikariPool-1 - Added connection org.postgresql.jdbc.PgConnection@352288bc
2026-08-20 00:16:03.419 [main] INFO  [payment-service] com.zaxxer.hikari.HikariDataSource - HikariPool-1 - Start completed.
2026-08-20 00:16:03.521 [main] INFO  [payment-service] o.hibernate.orm.connections.pooling - HHH10001005: Database info:
	Database JDBC URL [Connecting through datasource 'HikariDataSource (HikariPool-1)']
	Database driver: undefined/unknown
	Database version: 18.4
	Autocommit mode: undefined/unknown
	Isolation level: undefined/unknown
	Minimum pool size: undefined/unknown
	Maximum pool size: undefined/unknown
2026-08-20 00:16:04.922 [main] INFO  [payment-service] o.h.e.t.j.p.i.JtaPlatformInitiator - HHH000489: No JTA platform available (set 'hibernate.transaction.jta.platform' to enable JTA platform integration)
2026-08-20 00:16:05.008 [main] INFO  [payment-service] o.s.o.j.LocalContainerEntityManagerFactoryBean - Initialized JPA EntityManagerFactory for persistence unit 'default'
2026-08-20 00:16:09.156 [main] INFO  [payment-service] o.s.c.n.e.c.DiscoveryClientOptionalArgsConfiguration - Eureka HTTP Client uses RestTemplate.
2026-08-20 00:16:09.303 [main] WARN  [payment-service] o.s.c.l.c.LoadBalancerCacheAutoConfiguration$LoadBalancerCaffeineWarnLogger - Spring Cloud LoadBalancer is currently working with the default cache. While this cache implementation is useful for development and tests, it's recommended to use Caffeine cache in production.You can switch to using Caffeine cache, by adding it and org.springframework.cache.caffeine.CaffeineCacheManager to the classpath.
2026-08-20 00:16:09.368 [main] INFO  [payment-service] o.s.b.a.e.web.EndpointLinksResolver - Exposing 26 endpoints beneath base path '/actuator'
2026-08-20 00:16:09.589 [main] INFO  [payment-service] o.s.c.n.eureka.InstanceInfoFactory - Setting initial instance status as: STARTING
2026-08-20 00:16:09.769 [main] INFO  [payment-service] o.s.c.n.e.s.EurekaServiceRegistry - Registering application PAYMENT-SERVICE with eureka with status UP
2026-08-20 00:16:09.771 [main] INFO  [payment-service] o.a.coyote.http11.Http11NioProtocol - Starting ProtocolHandler ["http-nio-8087"]
2026-08-20 00:16:09.807 [main] INFO  [payment-service] o.s.b.w.e.tomcat.TomcatWebServer - Tomcat started on port 8087 (http) with context path '/'
2026-08-20 00:16:09.808 [main] INFO  [payment-service] o.s.c.n.e.s.EurekaAutoServiceRegistration - Updating port to 8087
2026-08-20 00:16:10.147 [main] INFO  [payment-service] c.e.p.PaymentServiceApplication - Started PaymentServiceApplication in 15.227 seconds (process running for 16.595)
2026-08-20 00:16:10.385 [RMI TCP Connection(4)-127.0.0.1] INFO  [payment-service] o.a.c.c.C.[Tomcat].[localhost].[/] - Initializing Spring DispatcherServlet 'dispatcherServlet'
2026-08-20 00:16:10.386 [RMI TCP Connection(4)-127.0.0.1] INFO  [payment-service] o.s.web.servlet.DispatcherServlet - Initializing Servlet 'dispatcherServlet'
2026-08-20 00:16:10.390 [RMI TCP Connection(4)-127.0.0.1] INFO  [payment-service] o.s.web.servlet.DispatcherServlet - Completed initialization in 3 ms
2026-08-20 00:16:35.624 [org.springframework.kafka.KafkaListenerEndpointContainer#0-0-C-1] INFO  [payment-service] o.s.k.l.KafkaMessageListenerContainer - payment-service: partitions assigned: [inventory.stock-reserved.v1-0]
2026-08-20 00:16:56.604 [org.springframework.kafka.KafkaListenerEndpointContainer#0-0-C-1] INFO  [payment-service] c.e.payment.service.PaymentService - PaymentService: onInventoryReserved | orderId=a607f6b0-351e-4cf8-a5de-d718186a9307 | reservationId=7090f110-89d5-4b5d-895a-241524da2ad5
2026-08-20 00:16:56.869 [org.springframework.kafka.KafkaListenerEndpointContainer#0-0-C-1] DEBUG [payment-service] org.hibernate.SQL - select p1_0.payment_id from payments p1_0 where p1_0.order_id=? fetch first ? rows only
2026-08-20 00:16:59.286 [org.springframework.kafka.KafkaListenerEndpointContainer#0-0-C-1] INFO  [payment-service] c.e.payment.service.PaymentService - Gateway response | orderId=a607f6b0-351e-4cf8-a5de-d718186a9307 | txnId=TXN-UPI-39DD6B9020 | status=SUCCESS
2026-08-20 00:16:59.489 [org.springframework.kafka.KafkaListenerEndpointContainer#0-0-C-1] INFO  [payment-service] c.e.payment.service.PaymentService - Payment SUCCESS | orderId=a607f6b0-351e-4cf8-a5de-d718186a9307 | txnId=TXN-UPI-39DD6B9020
2026-08-20 00:16:59.545 [org.springframework.kafka.KafkaListenerEndpointContainer#0-0-C-1] DEBUG [payment-service] org.hibernate.SQL - insert into payments (created_at,failure_reason,order_id,status,transaction_id,updated_at,version,payment_id) values (?,?,?,?,?,?,?,?)
